Usuario@DESKTOP-9EKUEAT MINGW64 ~/Desktop/git-workshop
$ git init
Initialized empty Git repository in C:/Users/Usuario/Desktop/git-workshop/.git/

Usuario@DESKTOP-9EKUEAT MINGW64 ~/Desktop/git-workshop (master)
$ touch Lucas.txt

Usuario@DESKTOP-9EKUEAT MINGW64 ~/Desktop/git-workshop (master)
$ touch musica.txt

Usuario@DESKTOP-9EKUEAT MINGW64 ~/Desktop/git-workshop (master)
$ git add .

Usuario@DESKTOP-9EKUEAT MINGW64 ~/Desktop/git-workshop (master)
$ git commit -m "Primer commit del repositorio"
[master (root-commit) 5b43909] Primer commit del repositorio
 2 files changed, 0 insertions(+), 0 deletions(-)
 create mode 100644 Lucas.txt
 create mode 100644 musica.txt

Usuario@DESKTOP-9EKUEAT MINGW64 ~/Desktop/git-workshop (master)
$ git branch yo++

Usuario@DESKTOP-9EKUEAT MINGW64 ~/Desktop/git-workshop (master)
$ git switch yo++
Switched to branch 'yo++'

Usuario@DESKTOP-9EKUEAT MINGW64 ~/Desktop/git-workshop (yo++)
$ git add .

Usuario@DESKTOP-9EKUEAT MINGW64 ~/Desktop/git-workshop (yo++)
$ git commit -m "Cargando 2 oraciones acerca mio en Lucas.txt"
[yo++ 650fe36] Cargando 2 oraciones acerca mio en Lucas.txt
 1 file changed, 2 insertions(+)

Usuario@DESKTOP-9EKUEAT MINGW64 ~/Desktop/git-workshop (yo++)
$ git checkout master
Switched to branch 'master'

Usuario@DESKTOP-9EKUEAT MINGW64 ~/Desktop/git-workshop (master)
$ git branch taller-info

Usuario@DESKTOP-9EKUEAT MINGW64 ~/Desktop/git-workshop (master)
$ git checkout taller-info
Switched to branch 'taller-info'

Usuario@DESKTOP-9EKUEAT MINGW64 ~/Desktop/git-workshop (taller-info)
$ git status
On branch taller-info
Changes not staged for commit:
  (use "git add <file>..." to update what will be committed)
  (use "git restore <file>..." to discard changes in working directory)
        modified:   musica.txt

no changes added to commit (use "git add" and/or "git commit -a")

Usuario@DESKTOP-9EKUEAT MINGW64 ~/Desktop/git-workshop (taller-info)
$ git add .

Usuario@DESKTOP-9EKUEAT MINGW64 ~/Desktop/git-workshop (taller-info)
$ git commit -m "agrego 2 oraciones en archivo musica.txt"
[taller-info 6da810d] agrego 2 oraciones en archivo musica.txt
 1 file changed, 2 insertions(+)

Usuario@DESKTOP-9EKUEAT MINGW64 ~/Desktop/git-workshop (taller-info)
$ git checkout master
Switched to branch 'master'

Usuario@DESKTOP-9EKUEAT MINGW64 ~/Desktop/git-workshop (master)
$ git merge yo++
Updating 5b43909..650fe36
Fast-forward
 Lucas.txt | 2 ++
 1 file changed, 2 insertions(+)

Usuario@DESKTOP-9EKUEAT MINGW64 ~/Desktop/git-workshop (master)

$ git remote add origin https://github.com/LAFORASTIERI/lucas-intro-git.git

Usuario@DESKTOP-9EKUEAT MINGW64 ~/Desktop/git-workshop (master)
$ git remote
origin

Usuario@DESKTOP-9EKUEAT MINGW64 ~/Desktop/git-workshop (master)
$ git push -u origin master
Enumerating objects: 6, done.
Counting objects: 100% (6/6), done.
Delta compression using up to 12 threads
Compressing objects: 100% (5/5), done.
Writing objects: 100% (6/6), 619 bytes | 619.00 KiB/s, done.
Total 6 (delta 0), reused 0 (delta 0), pack-reused 0 (from 0)
To https://github.com/LAFORASTIERI/lucas-intro-git.git
 * [new branch]      master -> master
branch 'master' set up to track 'origin/master'.

Usuario@DESKTOP-9EKUEAT MINGW64 ~/Desktop/git-workshop (master)
$ git push
Everything up-to-date

Usuario@DESKTOP-9EKUEAT MINGW64 ~/Desktop/git-workshop (master)
$ git --no-pager log > log.txt

Usuario@DESKTOP-9EKUEAT MINGW64 ~/Desktop/git-workshop (master)
$ git add .
warning: in the working copy of 'log.txt', LF will be replaced by CRLF the next time Git touches it

Usuario@DESKTOP-9EKUEAT MINGW64 ~/Desktop/git-workshop (master)
$ git status
On branch master
Your branch is up to date with 'origin/master'.

Changes to be committed:
  (use "git restore --staged <file>..." to unstage)
        new file:   log.txt


Usuario@DESKTOP-9EKUEAT MINGW64 ~/Desktop/git-workshop (master)
$ git commit -m "subo archivo log.txt"
[master 30ecd36] subo archivo log.txt
 1 file changed, 11 insertions(+)
 create mode 100644 log.txt

Usuario@DESKTOP-9EKUEAT MINGW64 ~/Desktop/git-workshop (master)
$ git push
Enumerating objects: 4, done.
Counting objects: 100% (4/4), done.
Delta compression using up to 12 threads
Compressing objects: 100% (3/3), done.
Writing objects: 100% (3/3), 524 bytes | 524.00 KiB/s, done.
Total 3 (delta 0), reused 0 (delta 0), pack-reused 0 (from 0)
To https://github.com/LAFORASTIERI/lucas-intro-git.git
   650fe36..30ecd36  master -> master

---------------------------------------------------------------------------------------------------------

Usuario@DESKTOP-9EKUEAT MINGW64 ~/Desktop/copiaLocal git-workshop
$ git init
Initialized empty Git repository in C:/Users/Usuario/Desktop/copiaLocal git-workshop/.git/

Usuario@DESKTOP-9EKUEAT MINGW64 ~/Desktop/copiaLocal git-workshop (master)
$ git clone https://github.com/LAFORASTIERI/lucas-intro-git.git
Cloning into 'lucas-intro-git'...
remote: Enumerating objects: 9, done.
remote: Counting objects: 100% (9/9), done.
remote: Compressing objects: 100% (8/8), done.
remote: Total 9 (delta 0), reused 9 (delta 0), pack-reused 0
Receiving objects: 100% (9/9), done.


Usuario@DESKTOP-9EKUEAT MINGW64 ~/Desktop/copiaLocal git-workshop (master)
$ ls
lucas-intro-git/

Usuario@DESKTOP-9EKUEAT MINGW64 ~/Desktop/copiaLocal git-workshop (master)
$ ls lucas-intro-git
Lucas.txt  log.txt  musica.txt

Usuario@DESKTOP-9EKUEAT MINGW64 ~/Desktop/copiaLocal git-workshop (master)
$




